---
source: src/tests/analysis.rs
expression: "query.and_then(|q|\n{ session.run_static_analysis(q).map(|q| q.view(&session.arena)) })"
---
Ok:
  attrs:
    pos:
      line: 2
      col: 1
  sources:
    - binding:
        name: e
        pos:
          line: 2
          col: 6
      kind:
        Name: events
  predicate: ~
  group_by:
    expr:
      attrs:
        pos:
          line: 3
          col: 10
      value:
        Access:
          target:
            attrs:
              pos:
                line: 3
                col: 10
            value:
              Access:
                target:
                  attrs:
                    pos:
                      line: 3
                      col: 10
                  value:
                    Id: e
                field: data
          field: department
    predicate: ~
  order_by: ~
  limit: ~
  projection:
    attrs:
      pos:
        line: 4
        col: 14
    value:
      Record:
        - attrs:
            pos:
              line: 5
              col: 2
          name: department
          value:
            attrs:
              pos:
                line: 5
                col: 14
            value:
              App:
                func: unique
                args:
                  - attrs:
                      pos:
                        line: 5
                        col: 21
                    value:
                      Access:
                        target:
                          attrs:
                            pos:
                              line: 5
                              col: 21
                          value:
                            Access:
                              target:
                                attrs:
                                  pos:
                                    line: 5
                                    col: 21
                                value:
                                  Id: e
                              field: data
                        field: department
        - attrs:
            pos:
              line: 6
              col: 2
          name: cost
          value:
            attrs:
              pos:
                line: 6
                col: 8
            value:
              App:
                func: avg
                args:
                  - attrs:
                      pos:
                        line: 6
                        col: 12
                    value:
                      Access:
                        target:
                          attrs:
                            pos:
                              line: 6
                              col: 12
                          value:
                            Access:
                              target:
                                attrs:
                                  pos:
                                    line: 6
                                    col: 12
                                value:
                                  Id: e
                              field: data
                        field: salary
  distinct: false
  meta:
    project:
      Record:
        cost: Number
        department: Unspecified
    aggregate: true
