---
source: src/tests/analysis.rs
expression: "query.run_static_analysis(&arena, &Default::default())"
---
Ok:
  attrs:
    pos:
      line: 1
      col: 1
  sources:
    - binding:
        name: e
        pos:
          line: 1
          col: 6
      kind:
        Name: events
  predicate: ~
  group_by: ~
  order_by: ~
  limit: ~
  projection:
    attrs:
      pos:
        line: 2
        col: 14
    node_ref:
      ptr: 1
      key: 2397270329608208437
  distinct: false
  meta:
    project: String
    aggregate: false
