---
source: src/tests/analysis.rs
expression: "query.run_static_analysis(&arena, &Default::default())"
---
Ok:
  attrs:
    pos:
      line: 1
      col: 1
  sources:
    - binding:
        name: e
        pos:
          line: 1
          col: 6
      kind:
        Name: events
  predicate: ~
  group_by:
    expr:
      attrs:
        pos:
          line: 2
          col: 10
      node_ref:
        ptr: 2
        key: 1198697735155557540
    predicate:
      attrs:
        pos:
          line: 2
          col: 35
      node_ref:
        ptr: 8
        key: 6959274258359930168
  order_by: ~
  limit: ~
  projection:
    attrs:
      pos:
        line: 3
        col: 14
    node_ref:
      ptr: 17
      key: 16065251272950901587
  distinct: false
  meta:
    project:
      Record:
        average: Number
        department: Unspecified
    aggregate: true
