---
source: src/tests/analysis.rs
expression: "query.and_then(|q|\n{\n    q.run_static_analysis(&arena, &Default::default()).map(|q| q.view(&arena))\n})"
---
Ok:
  attrs:
    pos:
      line: 1
      col: 1
  sources:
    - binding:
        name: e
        pos:
          line: 1
          col: 6
      kind:
        Name: events
  predicate: ~
  group_by:
    expr:
      attrs:
        pos:
          line: 2
          col: 10
      value:
        Access:
          target:
            attrs:
              pos:
                line: 2
                col: 10
            value:
              Access:
                target:
                  attrs:
                    pos:
                      line: 2
                      col: 10
                  value:
                    Id: e
                field: data
          field: department
    predicate: ~
  order_by:
    expr:
      attrs:
        pos:
          line: 3
          col: 10
      value:
        App:
          func: AVG
          args:
            - attrs:
                pos:
                  line: 3
                  col: 14
              value:
                Access:
                  target:
                    attrs:
                      pos:
                        line: 3
                        col: 14
                    value:
                      Access:
                        target:
                          attrs:
                            pos:
                              line: 3
                              col: 14
                          value:
                            Id: e
                        field: data
                  field: salary
    order: Asc
  limit: ~
  projection:
    attrs:
      pos:
        line: 4
        col: 14
    value:
      App:
        func: AVG
        args:
          - attrs:
              pos:
                line: 4
                col: 18
            value:
              Access:
                target:
                  attrs:
                    pos:
                      line: 4
                      col: 18
                  value:
                    Access:
                      target:
                        attrs:
                          pos:
                            line: 4
                            col: 18
                        value:
                          Id: e
                      field: data
                field: salary
  distinct: false
  meta:
    project: Number
    aggregate: true
