---
source: src/tests/analysis.rs
expression: "query.run_static_analysis(&arena, &Default::default())"
---
Ok:
  attrs:
    pos:
      line: 2
      col: 1
  sources:
    - binding:
        name: e
        pos:
          line: 2
          col: 6
      kind:
        Name: events
  predicate: ~
  group_by:
    expr:
      attrs:
        pos:
          line: 3
          col: 10
      node_ref:
        ptr: 2
        key: 16053462065367168875
    predicate: ~
  order_by: ~
  limit: ~
  projection:
    attrs:
      pos:
        line: 4
        col: 14
    node_ref:
      ptr: 11
      key: 5601335444046513008
  distinct: false
  meta:
    project:
      Record:
        cost: Number
        department: Unspecified
    aggregate: true
