---
source: src/tests/analysis.rs
expression: "query.run_static_analysis(&Default::default())"
---
Ok:
  attrs:
    pos:
      line: 1
      col: 1
  sources:
    - binding:
        name: e
        pos:
          line: 1
          col: 6
      kind:
        Name: events
  predicate: ~
  group_by: ~
  order_by: ~
  limit: ~
  projection:
    attrs:
      pos:
        line: 2
        col: 14
    value:
      App:
        func: count
        args:
          - attrs:
              pos:
                line: 2
                col: 20
            value:
              Binary:
                lhs:
                  attrs:
                    pos:
                      line: 2
                      col: 20
                  value:
                    Access:
                      target:
                        attrs:
                          pos:
                            line: 2
                            col: 20
                        value:
                          Access:
                            target:
                              attrs:
                                pos:
                                  line: 2
                                  col: 20
                              value:
                                Id: e
                            field: data
                      field: price
                operator: Gt
                rhs:
                  attrs:
                    pos:
                      line: 2
                      col: 35
                  value:
                    Number: 10
  distinct: false
  meta:
    project: Number
    aggregate: true
